Archive member included because of file (symbol)

d:/imt/imt_sdk_win_64/winavr/bin/../lib/gcc/avr/4.3.3/avr5\libgcc.a(_udivmodhi4.o)
                              ./APP/APP_Program.o (__udivmodhi4)
d:/imt/imt_sdk_win_64/winavr/bin/../lib/gcc/avr/4.3.3/avr5\libgcc.a(_exit.o)
                              d:/imt/imt_sdk_win_64/winavr/bin/../lib/gcc/avr/4.3.3/../../../../avr/lib/avr5/crtm32.o (exit)
d:/imt/imt_sdk_win_64/winavr/bin/../lib/gcc/avr/4.3.3/avr5\libgcc.a(_copy_data.o)
                              ./APP/APP_Program.o (__do_copy_data)
d:/imt/imt_sdk_win_64/winavr/bin/../lib/gcc/avr/4.3.3/avr5\libgcc.a(_clear_bss.o)
                              ./MCAL/TMR_Driver/TMR_Program.o (__do_clear_bss)

Memory Configuration

Name             Origin             Length             Attributes
text             0x00000000         0x00020000         xr
data             0x00800060         0x0000ffa0         rw !x
eeprom           0x00810000         0x00010000         rw !x
fuse             0x00820000         0x00000400         rw !x
lock             0x00830000         0x00000400         rw !x
signature        0x00840000         0x00000400         rw !x
*default*        0x00000000         0xffffffff

Linker script and memory map

LOAD d:/imt/imt_sdk_win_64/winavr/bin/../lib/gcc/avr/4.3.3/../../../../avr/lib/avr5/crtm32.o
LOAD ./MCAL/TMR_Driver/TMR_Program.o
LOAD ./MCAL/GLI_Driver/GLI_Program.o
LOAD ./MCAL/EXI_Driver/EXI_Program.o
LOAD ./MCAL/DIO_Driver/DIO_Program.o
LOAD ./APP/APP_Program.o
LOAD ./main.o
LOAD d:/imt/imt_sdk_win_64/winavr/bin/../lib/gcc/avr/4.3.3/avr5\libgcc.a
LOAD d:/imt/imt_sdk_win_64/winavr/bin/../lib/gcc/avr/4.3.3/../../../../avr/lib/avr5\libc.a
LOAD d:/imt/imt_sdk_win_64/winavr/bin/../lib/gcc/avr/4.3.3/avr5\libgcc.a

.hash
 *(.hash)

.dynsym
 *(.dynsym)

.dynstr
 *(.dynstr)

.gnu.version
 *(.gnu.version)

.gnu.version_d
 *(.gnu.version_d)

.gnu.version_r
 *(.gnu.version_r)

.rel.init
 *(.rel.init)

.rela.init
 *(.rela.init)

.rel.text
 *(.rel.text)
 *(.rel.text.*)
 *(.rel.gnu.linkonce.t*)

.rela.text
 *(.rela.text)
 *(.rela.text.*)
 *(.rela.gnu.linkonce.t*)

.rel.fini
 *(.rel.fini)

.rela.fini
 *(.rela.fini)

.rel.rodata
 *(.rel.rodata)
 *(.rel.rodata.*)
 *(.rel.gnu.linkonce.r*)

.rela.rodata
 *(.rela.rodata)
 *(.rela.rodata.*)
 *(.rela.gnu.linkonce.r*)

.rel.data
 *(.rel.data)
 *(.rel.data.*)
 *(.rel.gnu.linkonce.d*)

.rela.data
 *(.rela.data)
 *(.rela.data.*)
 *(.rela.gnu.linkonce.d*)

.rel.ctors
 *(.rel.ctors)

.rela.ctors
 *(.rela.ctors)

.rel.dtors
 *(.rel.dtors)

.rela.dtors
 *(.rela.dtors)

.rel.got
 *(.rel.got)

.rela.got
 *(.rela.got)

.rel.bss
 *(.rel.bss)

.rela.bss
 *(.rela.bss)

.rel.plt
 *(.rel.plt)

.rela.plt
 *(.rela.plt)

.text           0x00000000     0x22cc
 *(.vectors)
 .vectors       0x00000000       0x54 d:/imt/imt_sdk_win_64/winavr/bin/../lib/gcc/avr/4.3.3/../../../../avr/lib/avr5/crtm32.o
                0x00000000                __vectors
                0x00000000                __vector_default
 *(.vectors)
 *(.progmem.gcc*)
 *(.progmem*)
                0x00000054                . = ALIGN (0x2)
                0x00000054                __trampolines_start = .
 *(.trampolines)
 .trampolines   0x00000054        0x0 linker stubs
 *(.trampolines*)
                0x00000054                __trampolines_end = .
 *(.jumptables)
 *(.jumptables*)
 *(.lowtext)
 *(.lowtext*)
                0x00000054                __ctors_start = .
 *(.ctors)
                0x00000054                __ctors_end = .
                0x00000054                __dtors_start = .
 *(.dtors)
                0x00000054                __dtors_end = .
 SORT(*)(.ctors)
 SORT(*)(.dtors)
 *(.init0)
 .init0         0x00000054        0x0 d:/imt/imt_sdk_win_64/winavr/bin/../lib/gcc/avr/4.3.3/../../../../avr/lib/avr5/crtm32.o
                0x00000054                __init
 *(.init0)
 *(.init1)
 *(.init1)
 *(.init2)
 .init2         0x00000054        0xc d:/imt/imt_sdk_win_64/winavr/bin/../lib/gcc/avr/4.3.3/../../../../avr/lib/avr5/crtm32.o
 *(.init2)
 *(.init3)
 *(.init3)
 *(.init4)
 .init4         0x00000060       0x16 d:/imt/imt_sdk_win_64/winavr/bin/../lib/gcc/avr/4.3.3/avr5\libgcc.a(_copy_data.o)
                0x00000060                __do_copy_data
 .init4         0x00000076       0x10 d:/imt/imt_sdk_win_64/winavr/bin/../lib/gcc/avr/4.3.3/avr5\libgcc.a(_clear_bss.o)
                0x00000076                __do_clear_bss
 *(.init4)
 *(.init5)
 *(.init5)
 *(.init6)
 *(.init6)
 *(.init7)
 *(.init7)
 *(.init8)
 *(.init8)
 *(.init9)
 .init9         0x00000086        0x8 d:/imt/imt_sdk_win_64/winavr/bin/../lib/gcc/avr/4.3.3/../../../../avr/lib/avr5/crtm32.o
 *(.init9)
 *(.text)
 .text          0x0000008e        0x4 d:/imt/imt_sdk_win_64/winavr/bin/../lib/gcc/avr/4.3.3/../../../../avr/lib/avr5/crtm32.o
                0x0000008e                __vector_12
                0x0000008e                __bad_interrupt
                0x0000008e                __vector_13
                0x0000008e                __vector_17
                0x0000008e                __vector_19
                0x0000008e                __vector_15
                0x0000008e                __vector_14
                0x0000008e                __vector_16
                0x0000008e                __vector_18
                0x0000008e                __vector_20
 .text          0x00000092        0x0 ./MCAL/TMR_Driver/TMR_Program.o
 .text          0x00000092        0x0 ./MCAL/GLI_Driver/GLI_Program.o
 .text          0x00000092        0x0 ./MCAL/EXI_Driver/EXI_Program.o
 .text          0x00000092        0x0 ./MCAL/DIO_Driver/DIO_Program.o
 .text          0x00000092        0x0 ./APP/APP_Program.o
 .text          0x00000092        0x0 ./main.o
 .text          0x00000092        0x0 d:/imt/imt_sdk_win_64/winavr/bin/../lib/gcc/avr/4.3.3/avr5\libgcc.a(_udivmodhi4.o)
 .text          0x00000092        0x0 d:/imt/imt_sdk_win_64/winavr/bin/../lib/gcc/avr/4.3.3/avr5\libgcc.a(_exit.o)
 .text          0x00000092        0x0 d:/imt/imt_sdk_win_64/winavr/bin/../lib/gcc/avr/4.3.3/avr5\libgcc.a(_copy_data.o)
 .text          0x00000092        0x0 d:/imt/imt_sdk_win_64/winavr/bin/../lib/gcc/avr/4.3.3/avr5\libgcc.a(_clear_bss.o)
                0x00000092                . = ALIGN (0x2)
 *(.text.*)
 .text.TMR_vdTMR0Initialization
                0x00000092       0x8c ./MCAL/TMR_Driver/TMR_Program.o
                0x00000092                TMR_vdTMR0Initialization
 .text.TMR_vdTMR1Initialization
                0x0000011e      0x100 ./MCAL/TMR_Driver/TMR_Program.o
                0x0000011e                TMR_vdTMR1Initialization
 .text.TMR_vdTMR2Initialization
                0x0000021e       0x98 ./MCAL/TMR_Driver/TMR_Program.o
                0x0000021e                TMR_vdTMR2Initialization
 .text.TMR_u8EnableTMR
                0x000002b6       0xbc ./MCAL/TMR_Driver/TMR_Program.o
                0x000002b6                TMR_u8EnableTMR
 .text.TMR_u8DisableTMR
                0x00000372      0x154 ./MCAL/TMR_Driver/TMR_Program.o
                0x00000372                TMR_u8DisableTMR
 .text.TMR_u8EnableTMRInterrupt
                0x000004c6      0x17e ./MCAL/TMR_Driver/TMR_Program.o
                0x000004c6                TMR_u8EnableTMRInterrupt
 .text.TMR_u8DisableTMRInterrupt
                0x00000644      0x17e ./MCAL/TMR_Driver/TMR_Program.o
                0x00000644                TMR_u8DisableTMRInterrupt
 .text.TMR_u8GetNumberOfOVF
                0x000007c2       0x98 ./MCAL/TMR_Driver/TMR_Program.o
                0x000007c2                TMR_u8GetNumberOfOVF
 .text.TMR_u8GetOVFFlagStatus
                0x0000085a       0xb8 ./MCAL/TMR_Driver/TMR_Program.o
                0x0000085a                TMR_u8GetOVFFlagStatus
 .text.TMR_u8ClearOVFFlag
                0x00000912       0x80 ./MCAL/TMR_Driver/TMR_Program.o
                0x00000912                TMR_u8ClearOVFFlag
 .text.TMR_u8OVFSetCallBack
                0x00000992       0x50 ./MCAL/TMR_Driver/TMR_Program.o
                0x00000992                TMR_u8OVFSetCallBack
 .text.TMR_u8COMPSetCallBack
                0x000009e2       0x92 ./MCAL/TMR_Driver/TMR_Program.o
                0x000009e2                TMR_u8COMPSetCallBack
 .text.TMR_u8GetCounterValue
                0x00000a74       0x9c ./MCAL/TMR_Driver/TMR_Program.o
                0x00000a74                TMR_u8GetCounterValue
 .text.TMR_u8SetCompareMatchValue
                0x00000b10       0xba ./MCAL/TMR_Driver/TMR_Program.o
                0x00000b10                TMR_u8SetCompareMatchValue
 .text.TMR_vdSetInputCaptureValue
                0x00000bca       0x24 ./MCAL/TMR_Driver/TMR_Program.o
                0x00000bca                TMR_vdSetInputCaptureValue
 .text.__vector_4
                0x00000bee       0x8e ./MCAL/TMR_Driver/TMR_Program.o
                0x00000bee                __vector_4
 .text.__vector_5
                0x00000c7c       0x94 ./MCAL/TMR_Driver/TMR_Program.o
                0x00000c7c                __vector_5
 .text.__vector_6
                0x00000d10       0x20 ./MCAL/TMR_Driver/TMR_Program.o
                0x00000d10                __vector_6
 .text.__vector_7
                0x00000d30       0x9a ./MCAL/TMR_Driver/TMR_Program.o
                0x00000d30                __vector_7
 .text.__vector_8
                0x00000dca       0x9a ./MCAL/TMR_Driver/TMR_Program.o
                0x00000dca                __vector_8
 .text.__vector_9
                0x00000e64       0x96 ./MCAL/TMR_Driver/TMR_Program.o
                0x00000e64                __vector_9
 .text.__vector_10
                0x00000efa       0x90 ./MCAL/TMR_Driver/TMR_Program.o
                0x00000efa                __vector_10
 .text.__vector_11
                0x00000f8a       0x98 ./MCAL/TMR_Driver/TMR_Program.o
                0x00000f8a                __vector_11
 .text.GLI_vdEnableGIE
                0x00001022       0x1c ./MCAL/GLI_Driver/GLI_Program.o
                0x00001022                GLI_vdEnableGIE
 .text.GLI_vdDisableGIE
                0x0000103e       0x1c ./MCAL/GLI_Driver/GLI_Program.o
                0x0000103e                GLI_vdDisableGIE
 .text.EXI_u8EnablePIE
                0x0000105a      0x244 ./MCAL/EXI_Driver/EXI_Program.o
                0x0000105a                EXI_u8EnablePIE
 .text.EXI_u8DisablePIE
                0x0000129e       0x80 ./MCAL/EXI_Driver/EXI_Program.o
                0x0000129e                EXI_u8DisablePIE
 .text.EXI_u8SetCallBack
                0x0000131e       0x50 ./MCAL/EXI_Driver/EXI_Program.o
                0x0000131e                EXI_u8SetCallBack
 .text.__vector_1
                0x0000136e       0x66 ./MCAL/EXI_Driver/EXI_Program.o
                0x0000136e                __vector_1
 .text.__vector_2
                0x000013d4       0x66 ./MCAL/EXI_Driver/EXI_Program.o
                0x000013d4                __vector_2
 .text.__vector_3
                0x0000143a       0x66 ./MCAL/EXI_Driver/EXI_Program.o
                0x0000143a                __vector_3
 .text.DIO_vdInitialization
                0x000014a0       0x48 ./MCAL/DIO_Driver/DIO_Program.o
                0x000014a0                DIO_vdInitialization
 .text.DIO_u8SetPinDirection
                0x000014e8      0x21e ./MCAL/DIO_Driver/DIO_Program.o
                0x000014e8                DIO_u8SetPinDirection
 .text.DIO_u8SetPinValue
                0x00001706      0x21e ./MCAL/DIO_Driver/DIO_Program.o
                0x00001706                DIO_u8SetPinValue
 .text.DIO_u8GetPinValue
                0x00001924      0x1de ./MCAL/DIO_Driver/DIO_Program.o
                0x00001924                DIO_u8GetPinValue
 .text.DIO_u8TogglePinValue
                0x00001b02      0x118 ./MCAL/DIO_Driver/DIO_Program.o
                0x00001b02                DIO_u8TogglePinValue
 .text.DIO_u8SetPortDirection
                0x00001c1a       0x96 ./MCAL/DIO_Driver/DIO_Program.o
                0x00001c1a                DIO_u8SetPortDirection
 .text.DIO_u8SetPortValue
                0x00001cb0       0x96 ./MCAL/DIO_Driver/DIO_Program.o
                0x00001cb0                DIO_u8SetPortValue
 .text.DIO_u8GetPortValue
                0x00001d46       0xb4 ./MCAL/DIO_Driver/DIO_Program.o
                0x00001d46                DIO_u8GetPortValue
 .text.APP_vdStartProgram
                0x00001dfa       0x84 ./APP/APP_Program.o
                0x00001dfa                APP_vdStartProgram
 .text.APP_vdSwitchMode
                0x00001e7e       0x14 ./APP/APP_Program.o
                0x00001e7e                APP_vdSwitchMode
 .text.APP_vdSetOVFFlag
                0x00001e92       0x14 ./APP/APP_Program.o
                0x00001e92                APP_vdSetOVFFlag
 .text.APP_vdCarMode
                0x00001ea6       0xaa ./APP/APP_Program.o
                0x00001ea6                APP_vdCarMode
 .text.APP_vdPedestrianMode
                0x00001f50      0x1d6 ./APP/APP_Program.o
                0x00001f50                APP_vdPedestrianMode
 .text.APP_u8SetCARTrafficLight
                0x00002126       0xb2 ./APP/APP_Program.o
                0x00002126                APP_u8SetCARTrafficLight
 .text.APP_u8SetPEDTrafficLight
                0x000021d8       0xb2 ./APP/APP_Program.o
                0x000021d8                APP_u8SetPEDTrafficLight
 .text.main     0x0000228a       0x16 ./main.o
                0x0000228a                main
 .text.libgcc   0x000022a0       0x28 d:/imt/imt_sdk_win_64/winavr/bin/../lib/gcc/avr/4.3.3/avr5\libgcc.a(_udivmodhi4.o)
                0x000022a0                __udivmodhi4
 .text.libgcc   0x000022c8        0x0 d:/imt/imt_sdk_win_64/winavr/bin/../lib/gcc/avr/4.3.3/avr5\libgcc.a(_exit.o)
 .text.libgcc   0x000022c8        0x0 d:/imt/imt_sdk_win_64/winavr/bin/../lib/gcc/avr/4.3.3/avr5\libgcc.a(_copy_data.o)
 .text.libgcc   0x000022c8        0x0 d:/imt/imt_sdk_win_64/winavr/bin/../lib/gcc/avr/4.3.3/avr5\libgcc.a(_clear_bss.o)
                0x000022c8                . = ALIGN (0x2)
 *(.fini9)
 .fini9         0x000022c8        0x0 d:/imt/imt_sdk_win_64/winavr/bin/../lib/gcc/avr/4.3.3/avr5\libgcc.a(_exit.o)
                0x000022c8                exit
                0x000022c8                _exit
 *(.fini9)
 *(.fini8)
 *(.fini8)
 *(.fini7)
 *(.fini7)
 *(.fini6)
 *(.fini6)
 *(.fini5)
 *(.fini5)
 *(.fini4)
 *(.fini4)
 *(.fini3)
 *(.fini3)
 *(.fini2)
 *(.fini2)
 *(.fini1)
 *(.fini1)
 *(.fini0)
 .fini0         0x000022c8        0x4 d:/imt/imt_sdk_win_64/winavr/bin/../lib/gcc/avr/4.3.3/avr5\libgcc.a(_exit.o)
 *(.fini0)
                0x000022cc                _etext = .

.data           0x00800060        0x2 load address 0x000022cc
                0x00800060                PROVIDE (__data_start, .)
 *(.data)
 .data          0x00800060        0x0 d:/imt/imt_sdk_win_64/winavr/bin/../lib/gcc/avr/4.3.3/../../../../avr/lib/avr5/crtm32.o
 .data          0x00800060        0x0 ./MCAL/TMR_Driver/TMR_Program.o
 .data          0x00800060        0x0 ./MCAL/GLI_Driver/GLI_Program.o
 .data          0x00800060        0x0 ./MCAL/EXI_Driver/EXI_Program.o
 .data          0x00800060        0x0 ./MCAL/DIO_Driver/DIO_Program.o
 .data          0x00800060        0x0 ./APP/APP_Program.o
 .data          0x00800060        0x0 ./main.o
 .data          0x00800060        0x0 d:/imt/imt_sdk_win_64/winavr/bin/../lib/gcc/avr/4.3.3/avr5\libgcc.a(_udivmodhi4.o)
 .data          0x00800060        0x0 d:/imt/imt_sdk_win_64/winavr/bin/../lib/gcc/avr/4.3.3/avr5\libgcc.a(_exit.o)
 .data          0x00800060        0x0 d:/imt/imt_sdk_win_64/winavr/bin/../lib/gcc/avr/4.3.3/avr5\libgcc.a(_copy_data.o)
 .data          0x00800060        0x0 d:/imt/imt_sdk_win_64/winavr/bin/../lib/gcc/avr/4.3.3/avr5\libgcc.a(_clear_bss.o)
 *(.data*)
 .data.Glb_u8NxtTrafficState
                0x00800060        0x1 ./APP/APP_Program.o
 .data.Glb_u8DirectionFlag
                0x00800061        0x1 ./APP/APP_Program.o
 *(.rodata)
 *(.rodata*)
 *(.gnu.linkonce.d*)
                0x00800062                . = ALIGN (0x2)
                0x00800062                _edata = .
                0x00800062                PROVIDE (__data_end, .)

.bss            0x00800062       0x25
                0x00800062                PROVIDE (__bss_start, .)
 *(.bss)
 .bss           0x00800062        0x0 d:/imt/imt_sdk_win_64/winavr/bin/../lib/gcc/avr/4.3.3/../../../../avr/lib/avr5/crtm32.o
 .bss           0x00800062        0x0 ./MCAL/TMR_Driver/TMR_Program.o
 .bss           0x00800062        0x0 ./MCAL/GLI_Driver/GLI_Program.o
 .bss           0x00800062        0x0 ./MCAL/EXI_Driver/EXI_Program.o
 .bss           0x00800062        0x0 ./MCAL/DIO_Driver/DIO_Program.o
 .bss           0x00800062        0x0 ./APP/APP_Program.o
 .bss           0x00800062        0x0 ./main.o
 .bss           0x00800062        0x0 d:/imt/imt_sdk_win_64/winavr/bin/../lib/gcc/avr/4.3.3/avr5\libgcc.a(_udivmodhi4.o)
 .bss           0x00800062        0x0 d:/imt/imt_sdk_win_64/winavr/bin/../lib/gcc/avr/4.3.3/avr5\libgcc.a(_exit.o)
 .bss           0x00800062        0x0 d:/imt/imt_sdk_win_64/winavr/bin/../lib/gcc/avr/4.3.3/avr5\libgcc.a(_copy_data.o)
 .bss           0x00800062        0x0 d:/imt/imt_sdk_win_64/winavr/bin/../lib/gcc/avr/4.3.3/avr5\libgcc.a(_clear_bss.o)
 *(.bss*)
 .bss.Glb_ApfOVFInterruptsAction
                0x00800062        0x6 ./MCAL/TMR_Driver/TMR_Program.o
 .bss.Glb_ApfCOMPInterruptsAction
                0x00800068        0x6 ./MCAL/TMR_Driver/TMR_Program.o
 .bss.Glb_Au16OVFCounters
                0x0080006e        0x6 ./MCAL/TMR_Driver/TMR_Program.o
 .bss.Glb_u8Timer1COMPAFlag
                0x00800074        0x1 ./MCAL/TMR_Driver/TMR_Program.o
 .bss.Glb_u8Timer1COMPBFlag
                0x00800075        0x1 ./MCAL/TMR_Driver/TMR_Program.o
 .bss.Loc_u16CounterCOMP.2839
                0x00800076        0x2 ./MCAL/TMR_Driver/TMR_Program.o
 .bss.Loc_u16CounterCOMP.2876
                0x00800078        0x2 ./MCAL/TMR_Driver/TMR_Program.o
 .bss.Loc_u16CounterCOMP.2892
                0x0080007a        0x2 ./MCAL/TMR_Driver/TMR_Program.o
 .bss.Loc_u16CounterCOMP.2925
                0x0080007c        0x2 ./MCAL/TMR_Driver/TMR_Program.o
 .bss.Glb_ApfInterrupstAction
                0x0080007e        0x6 ./MCAL/EXI_Driver/EXI_Program.o
 .bss.Glb_u8CurTrafficState
                0x00800084        0x1 ./APP/APP_Program.o
 .bss.Glb_u8ModeState
                0x00800085        0x1 ./APP/APP_Program.o
 .bss.Glb_u8OVFFlag
                0x00800086        0x1 ./APP/APP_Program.o
 *(COMMON)
                0x00800087                PROVIDE (__bss_end, .)
                0x000022cc                __data_load_start = LOADADDR (.data)
                0x000022ce                __data_load_end = (__data_load_start + SIZEOF (.data))

.noinit         0x00800087        0x0
                0x00800087                PROVIDE (__noinit_start, .)
 *(.noinit*)
                0x00800087                PROVIDE (__noinit_end, .)
                0x00800087                _end = .
                0x00800087                PROVIDE (__heap_start, .)

.eeprom         0x00810000        0x0
 *(.eeprom*)
                0x00810000                __eeprom_end = .

.fuse
 *(.fuse)
 *(.lfuse)
 *(.hfuse)
 *(.efuse)

.lock
 *(.lock*)

.signature
 *(.signature*)

.stab           0x00000000     0x2b38
 *(.stab)
 .stab          0x00000000     0x11b8 ./MCAL/TMR_Driver/TMR_Program.o
 .stab          0x000011b8      0x1d4 ./MCAL/GLI_Driver/GLI_Program.o
                                0x1e0 (size before relaxing)
 .stab          0x0000138c      0x4e0 ./MCAL/EXI_Driver/EXI_Program.o
                                0x4ec (size before relaxing)
 .stab          0x0000186c      0x924 ./MCAL/DIO_Driver/DIO_Program.o
                                0x930 (size before relaxing)
 .stab          0x00002190      0x87c ./APP/APP_Program.o
                                0x888 (size before relaxing)
 .stab          0x00002a0c      0x12c ./main.o
                                0x1d4 (size before relaxing)

.stabstr        0x00000000      0xe96
 *(.stabstr)
 .stabstr       0x00000000      0xe96 ./MCAL/TMR_Driver/TMR_Program.o

.stab.excl
 *(.stab.excl)

.stab.exclstr
 *(.stab.exclstr)

.stab.index
 *(.stab.index)

.stab.indexstr
 *(.stab.indexstr)

.comment
 *(.comment)

.debug
 *(.debug)

.line
 *(.line)

.debug_srcinfo
 *(.debug_srcinfo)

.debug_sfnames
 *(.debug_sfnames)

.debug_aranges
 *(.debug_aranges)

.debug_pubnames
 *(.debug_pubnames)

.debug_info
 *(.debug_info)
 *(.gnu.linkonce.wi.*)

.debug_abbrev
 *(.debug_abbrev)

.debug_line
 *(.debug_line)

.debug_frame
 *(.debug_frame)

.debug_str
 *(.debug_str)

.debug_loc
 *(.debug_loc)

.debug_macinfo
 *(.debug_macinfo)
OUTPUT(TLCS.elf elf32-avr)
LOAD linker stubs
